// Vitest Snapshot v1, https://vitest.dev/guide/snapshot.html

exports[`HomeView > init 1`] = `
"<div class=\\"v-card v-theme--light v-card--density-default v-card--variant-elevated\\" style=\\"height: 100%;\\">
  <!---->
  <div class=\\"v-card__loader\\">
    <div class=\\"v-progress-linear v-theme--light v-locale--is-ltr\\" style=\\"top: 0px; height: 0px; --v-progress-linear-height: 2px; left: 50%; transform: translateX(-50%);\\" role=\\"progressbar\\" aria-hidden=\\"true\\" aria-valuemin=\\"0\\" aria-valuemax=\\"100\\">
      <!---->
      <div class=\\"v-progress-linear__background\\" style=\\"width: 100%;\\"></div>
      <transition-stub name=\\"fade-transition\\" appear=\\"false\\" persisted=\\"false\\" css=\\"true\\">
        <div class=\\"v-progress-linear__indeterminate\\">
          <div class=\\"v-progress-linear__indeterminate long\\"></div>
          <div class=\\"v-progress-linear__indeterminate short\\"></div>
        </div>
      </transition-stub>
      <!---->
    </div>
  </div>
  <div class=\\"v-card-item\\">
    <!---->
    <div class=\\"v-card-item__content\\">
      <div class=\\"v-card-title\\">OFM</div>
      <div class=\\"v-card-subtitle\\">Temp Home Screen</div>
      <!---->
    </div>
    <!---->
  </div>
  <div class=\\"v-card-text\\">...</div>
  <!---->
  <!---->
  <!----><span class=\\"v-card__underlay\\"></span>
</div>"
`;
